<html>
<body>
<pre>
<h1>µVision Build Log</h1>
<h2>Tool Versions:</h2>
IDE-Version: µVision V5.28.0.0
Copyright (C) 2019 ARM Ltd and ARM Germany GmbH. All rights reserved.
License Information: yix l, yim, LIC=4ZLNN-YKNN4-484FA-1WB38-SV4Y1-LN1PX
 
Tool Versions:
Toolchain:       MDK-ARM Professional  Version: 5.28.0.0
Toolchain Path:  C:\Keil_v5\ARM\ARMCC\Bin
C Compiler:      Armcc.exe V5.06 update 6 (build 750)
Assembler:       Armasm.exe V5.06 update 6 (build 750)
Linker/Locator:  ArmLink.exe V5.06 update 6 (build 750)
Library Manager: ArmAr.exe V5.06 update 6 (build 750)
Hex Converter:   FromElf.exe V5.06 update 6 (build 750)
CPU DLL:         SARMCM3.DLL V5.28.0.0
Dialog DLL:      DCM.DLL V1.17.3.0
Target DLL:      STLink\ST-LINKIII-KEIL_SWO.dll V3.0.6.0
Dialog DLL:      TCM.DLL V1.36.2.0
 
<h2>Project:</h2>
C:\code\github\CL02_opensource\MCU\MDK-ARM\CL02_Lite.uvprojx
Project File Date:  12/22/2021

<h2>Output:</h2>
*** Using Compiler 'V5.06 update 6 (build 750)', folder: 'C:\Keil_v5\ARM\ARMCC\Bin'
Rebuild target 'CL02'
assembling startup_stm32f373xc.s...
compiling CE32_COMMAND.c...
compiling dataMGR.c...
compiling CE32_USB_INTERCOM.c...
..\Src\CE32_USB_INTERCOM.c(241): warning:  #177-D: variable "handle"  was declared but never referenced
  	CE32_command* handle=&handle_IC->CMD_TX;
..\Src\CE32_USB_INTERCOM.c: 1 warning, 0 errors
compiling HD32_filter.c...
compiling CE32_stimulator.c...
..\Src\CE32_stimulator.c(35): warning:  #177-D: variable "temp"  was declared but never referenced
  	int64_t temp;
..\Src\CE32_stimulator.c: 1 warning, 0 errors
compiling usb_device.c...
compiling CE32_ClosedLoop.c...
compiling main.c...
../Src/main.c(132): warning:  #1295-D: Deprecated declaration CL02_sendDataPackage - give arg types
  int CL02_sendDataPackage();
../Src/main.c(133): warning:  #1295-D: Deprecated declaration CL02_purgeData - give arg types
  int CL02_purgeData();
../Src/main.c(134): warning:  #1295-D: Deprecated declaration CL02_setClParam - give arg types
  int CL02_setClParam();
../Src/main.c(809): warning:  #177-D: variable "type"  was declared but never referenced
  			uint8_t type=*(uint8_t*)&data_ptr[1]; //first data is uint8,type(01=DF1,02=SOS)
../Src/main.c(1052): warning:  #940-D: missing return statement at end of non-void function "CL02_sendDataPackage" 
  }
../Src/main.c(1057): warning:  #940-D: missing return statement at end of non-void function "CL02_purgeData" 
  }
../Src/main.c(1069): warning:  #940-D: missing return statement at end of non-void function "CL02_setClParam" 
  }
../Src/main.c: 7 warnings, 0 errors
compiling usbd_desc.c...
compiling usbd_conf.c...
compiling stm32f3xx_it.c...
compiling usbd_cdc_if.c...
compiling stm32f3xx_hal_msp.c...
compiling stm32f3xx_hal_pcd_ex.c...
compiling stm32f3xx_hal_pcd.c...
compiling stm32f3xx_hal.c...
compiling stm32f3xx_hal_gpio.c...
compiling stm32f3xx_hal_dma.c...
compiling stm32f3xx_hal_rcc_ex.c...
compiling stm32f3xx_hal_rcc.c...
compiling stm32f3xx_hal_cortex.c...
compiling stm32f3xx_hal_pwr.c...
compiling stm32f3xx_hal_pwr_ex.c...
compiling stm32f3xx_hal_flash.c...
compiling stm32f3xx_hal_adc.c...
compiling stm32f3xx_hal_i2c_ex.c...
compiling stm32f3xx_hal_flash_ex.c...
compiling stm32f3xx_hal_i2c.c...
compiling stm32f3xx_hal_dac.c...
compiling stm32f3xx_hal_dac_ex.c...
compiling stm32f3xx_hal_sdadc.c...
compiling stm32f3xx_hal_adc_ex.c...
compiling stm32f3xx_hal_spi_ex.c...
compiling stm32f3xx_hal_tim_ex.c...
compiling stm32f3xx_hal_spi.c...
compiling stm32f3xx_hal_tim.c...
compiling system_stm32f3xx.c...
compiling usbd_ctlreq.c...
compiling usbd_ioreq.c...
compiling usbd_core.c...
compiling usbd_cdc.c...
linking...
Program Size: Code=32680 RO-data=1792 RW-data=384 ZI-data=30424  
FromELF: creating hex file...
".\CL02.axf" - 0 Error(s), 9 Warning(s).

<h2>Software Packages used:</h2>

Package Vendor: ARM
                http://www.keil.com/pack/ARM.CMSIS.5.7.0.pack
                ARM.CMSIS.5.7.0
                CMSIS (Cortex Microcontroller Software Interface Standard)
   * Component: CORE Version: 5.4.0

Package Vendor: Keil
                http://www.keil.com/pack/Keil.STM32F3xx_DFP.2.1.0.pack
                Keil.STM32F3xx_DFP.2.1.0
                STMicroelectronics STM32F3 Series Device Support and Examples

<h2>Collection of Component include folders:</h2>
  .\RTE\_CL02
  C:\Users\aeria\AppData\Local\Arm\Packs\ARM\CMSIS\5.7.0\CMSIS\Core\Include
  C:\Users\aeria\AppData\Local\Arm\Packs\Keil\STM32F3xx_DFP\2.1.0\Drivers\CMSIS\Device\ST\STM32F3xx\Include

<h2>Collection of Component Files used:</h2>

   * Component: ARM::CMSIS:CORE:5.4.0
Build Time Elapsed:  00:00:51
</pre>
</body>
</html>
